
> GAP@0.0.0 build
> ng build

sh: 1: ng: not found
